// Jest Snapshot v1, https://goo.gl/fbAQLP

exports[`Test retrieval of default prop object 1`] = `
Object {
  "className": "",
  "contentEditable": false,
  "direction": "right",
  "disabled": false,
  "focus": false,
  "height": "",
  "id": "",
  "location": "none",
  "noedit": false,
  "nohover": false,
  "noripple": false,
  "selected": false,
  "sizing": "normal",
  "style": Object {},
  "testing": false,
  "visible": true,
  "width": "",
}
`;
