// Jest Snapshot v1, https://goo.gl/fbAQLP

exports[`Test retrieval of Item props object 1`] = `
Object {
  "bottom": "",
  "children": null,
  "className": "",
  "contentEditable": false,
  "controlled": true,
  "direction": "right",
  "disabled": false,
  "err": null,
  "errorMessage": "",
  "focus": false,
  "height": "",
  "hiddenLeftButton": false,
  "hiddenRightButton": false,
  "id": "",
  "layout": 5,
  "left": "",
  "leftButton": null,
  "location": "none",
  "noedit": false,
  "nohover": false,
  "noripple": false,
  "obj": "Item",
  "onBlur": [Function],
  "onChange": [Function],
  "onClick": [Function],
  "onDoubleClick": [Function],
  "onFocus": [Function],
  "onKeyDown": [Function],
  "onKeyPress": [Function],
  "onMouseOut": [Function],
  "onUpdate": [Function],
  "padding": "",
  "rightButton": null,
  "selected": false,
  "sizing": "normal",
  "stacked": false,
  "style": Object {},
  "testing": true,
  "theme": null,
  "title": "​",
  "tooltip": "",
  "top": "",
  "useedit": false,
  "visible": true,
  "widget": null,
  "width": "",
  "xcss": null,
}
`;

exports[`Test the creation of a Item control 1`] = `
<Wrapper
  bottom=""
  className=""
  contentEditable={false}
  controlled={true}
  direction="right"
  disabled={false}
  err={null}
  errorMessage=""
  focus={false}
  height=""
  hiddenLeftButton={false}
  hiddenRightButton={false}
  id=""
  layout={5}
  left=""
  leftButton={null}
  location="none"
  noedit={false}
  nohover={false}
  noripple={false}
  obj="Item"
  onBlur={[Function]}
  onChange={[Function]}
  onClick={[Function]}
  onDoubleClick={[Function]}
  onError={[Function]}
  onFocus={[Function]}
  onKeyDown={[Function]}
  onKeyPress={[Function]}
  onMouseOut={[Function]}
  onUpdate={[Function]}
  padding=""
  reset={false}
  rightButton={null}
  selected={false}
  sizing="normal"
  stacked={false}
  style={Object {}}
  testing={true}
  theme={null}
  title="test title"
  tooltip=""
  top=""
  useedit={false}
  visible={true}
  widget="widget"
  width=""
  xcss={null}
>
  <styled.li
    className="ui-item"
    id=""
    nohover={false}
    onBlur={[Function]}
    onDoubleClick={[Function]}
    onKeyDown={[Function]}
    onKeyPress={[Function]}
    onMouseOut={[Function]}
    selected={false}
    style={Object {}}
  >
    <Title
      bottom=""
      className=""
      contentEditable={false}
      controlled={true}
      direction="right"
      disabled={false}
      err={null}
      errorMessage=""
      focus={false}
      height=""
      hiddenLeftButton={false}
      hiddenRightButton={false}
      id=""
      layout={5}
      left=""
      leftButton={null}
      location="none"
      noedit={false}
      nohover={false}
      noripple={false}
      obj="Item"
      onBlur={[Function]}
      onChange={[Function]}
      onClick={[Function]}
      onDoubleClick={[Function]}
      onFocus={[Function]}
      onKeyDown={[Function]}
      onKeyPress={[Function]}
      onMouseOut={[Function]}
      onUpdate={[Function]}
      padding=""
      rightButton={null}
      selected={false}
      sizing="normal"
      stacked={false}
      style={
        Object {
          "padding": "2px 4px",
        }
      }
      testing={true}
      theme={null}
      title="test title"
      tooltip=""
      top=""
      useedit={false}
      visible={true}
      widget="widget"
      width=""
      xcss={null}
    />
  </styled.li>
</Wrapper>
`;
