// Jest Snapshot v1, https://goo.gl/fbAQLP

exports[`Test retrieval of Slider props object 1`] = `
Object {
  "className": "",
  "contentEditable": false,
  "direction": "right",
  "disabled": false,
  "errorMessage": "",
  "focus": false,
  "height": "",
  "id": "",
  "labels": Array [],
  "left": "0",
  "location": "none",
  "max": 100,
  "min": 0,
  "noedit": false,
  "nohover": false,
  "noripple": false,
  "obj": "Unknown",
  "scale": 1,
  "selected": false,
  "sizing": "normal",
  "snap": false,
  "step": 1,
  "style": Object {},
  "testing": true,
  "theme": null,
  "ticks": 0,
  "tooltip": "",
  "top": "",
  "visible": true,
  "width": "",
  "xcss": null,
}
`;
